// Jest Snapshot v1, https://goo.gl/fbAQLP

exports[`Video player correctly renders after relaunch 1`] = `
<video
  className=""
  controls={false}
  height=""
  muted={false}
  poster=""
  width=""
>
  <source
    src=""
    type="video/mp4"
  />
</video>
`;
