// Jest Snapshot v1, https://goo.gl/fbAQLP

exports[`Movie card top desc correctly renders after relaunch 1`] = `
<div
  className="movie-card__desc"
>
  <h2
    className="movie-card__title"
  >
    
  </h2>
  <p
    className="movie-card__meta"
  >
    <span
      className="movie-card__genre"
    >
      
    </span>
    <span
      className="movie-card__year"
    >
      0
    </span>
  </p>
  <div
    className="movie-card__buttons"
  >
    <button
      className="btn movie-card__button btn-play"
      onClick={[Function]}
      type="button"
    >
      <svg
        height="19"
        viewBox="0 0 19 19"
        width="19"
      >
        <use
          xlinkHref="#play-s"
        />
      </svg>
      <span>
        Play
      </span>
    </button>
    <button
      className="btn movie-card__button btn-list"
      onClick={[Function]}
      type="button"
    >
      <svg
        height="20"
        viewBox="0 0 19 20"
        width="19"
      >
        <use
          xlinkHref="#add"
        />
      </svg>
      <span>
        My list
      </span>
    </button>
  </div>
</div>
`;
