// Jest Snapshot v1, https://goo.gl/fbAQLP

exports[`Movie player correctly renders after relaunch 1`] = `
<div
  className="player"
>
  <VideoPlayer
    classes="player__video"
    height="100%"
    link="http://video.com/video.mp4"
    poster="http://images.com/image1.png"
    videoRef={
      Object {
        "current": null,
      }
    }
    width="100%"
  />
  <button
    className="player__exit"
    onClick={[Function]}
    type="button"
  >
    Exit
  </button>
  <div
    className="player__controls"
  >
    <VideoPlayerProgress
      videoRef={
        Object {
          "current": null,
        }
      }
    />
    <div
      className="player__controls-row"
    >
      <button
        className="player__play"
        onClick={[Function]}
        type="button"
      >
        <svg
          height="19"
          viewBox="0 0 19 19"
          width="19"
        >
          <use
            xlinkHref="#play-s"
          />
        </svg>
        <span>
          Play
        </span>
      </button>
      <div
        className="player__name"
      >
        Aviator
      </div>
      <button
        className="player__full-screen"
        onClick={[Function]}
        type="button"
      >
        <svg
          height="27"
          viewBox="0 0 27 27"
          width="27"
        >
          <use
            xlinkHref="#full-screen"
          />
        </svg>
        <span>
          Full screen
        </span>
      </button>
    </div>
  </div>
</div>
`;
