// Jest Snapshot v1, https://goo.gl/fbAQLP

exports[`Video player progress correctly renders after relaunch 1`] = `
<div
  className="player__controls-row"
>
  <div
    className="player__time"
  >
    <progress
      className="player__progress"
      max="100"
      value={0}
    />
    <div
      className="player__toggler"
      style={
        Object {
          "left": "0%",
        }
      }
    >
      Toggler
    </div>
  </div>
  <div
    className="player__time-value"
  >
    00:00:00
  </div>
</div>
`;
