// Jest Snapshot v1, https://goo.gl/fbAQLP

exports[`Catalog card correctly renders after relaunch 1`] = `
<article
  className="small-movie-card catalog__movies-card"
  onMouseEnter={[Function]}
  onMouseLeave={[Function]}
>
  <a
    className="small-movie-card__link"
    href="/films/1"
    onClick={[Function]}
  >
    <div
      className="small-movie-card__image"
    >
      <video
        className=""
        controls={false}
        height="180"
        muted={true}
        poster="http://image.com/image.png"
        width="280"
      >
        <source
          src="http://video.com/video.mp4"
          type="video/mp4"
        />
      </video>
      <h3
        className="small-movie-card__title"
      >
        Macbeth
      </h3>
    </div>
  </a>
</article>
`;
