// Jest Snapshot v1, https://goo.gl/fbAQLP

exports[`Catalog correctly renders after relaunch 1`] = `
<section
  className="catalog"
>
  <h2
    className="catalog__title"
  >
    
  </h2>
  <div
    className="catalog__movies-list"
  />
</section>
`;
