// Jest Snapshot v1, https://goo.gl/fbAQLP

exports[`Catalog filter correctly renders after relaunch 1`] = `
<ul
  className="catalog__genres-list"
>
  <li
    className="catalog__genres-item"
    onClick={[Function]}
  >
    <a
      className="catalog__genres-link"
    >
      comedy
    </a>
  </li>
</ul>
`;
