// Jest Snapshot v1, https://goo.gl/fbAQLP

exports[`App correctly renders after relaunch 1`] = `
<Provider
  store={
    Object {
      "dispatch": [Function],
      "getState": [Function],
      "replaceReducer": [Function],
      "subscribe": [Function],
      Symbol(observable): [Function],
    }
  }
>
  <BrowserRouter>
    <Switch>
      <Route
        component={
          Object {
            "$$typeof": Symbol(react.memo),
            "WrappedComponent": [Function],
            "compare": null,
            "displayName": "Connect(WithLoading)",
            "type": [Function],
          }
        }
        exact={true}
        path="/"
      />
      <Route
        component={
          Object {
            "$$typeof": Symbol(react.memo),
            "WrappedComponent": [Function],
            "compare": null,
            "displayName": "Connect(WithLoading)",
            "type": [Function],
          }
        }
        path="/films/:id"
      />
    </Switch>
  </BrowserRouter>
</Provider>
`;
