// Jest Snapshot v1, https://goo.gl/fbAQLP

exports[`Movie card poster correctly renders after relaunch 1`] = `
<div
  className="movie-card__poster card-poster"
>
  <img
    alt="We need to talk about Kevin"
    height="327"
    src="http://image.com/image.png"
    width="218"
  />
</div>
`;
