// Jest Snapshot v1, https://goo.gl/fbAQLP

exports[`Movie card poster correctly renders after relaunch 1`] = `
<div
  className="movie-card__poster"
>
  <img
    alt=""
    height="327"
    src=""
    width="218"
  />
</div>
`;
