// Jest Snapshot v1, https://goo.gl/fbAQLP

exports[`Movie card correctly renders after relaunch 1`] = `
<section
  className="movie-card movie-card--full"
>
  <div
    className="movie-card__hero"
  >
    <MovieCardTop
      isMainPage={false}
      movie={Object {}}
    />
  </div>
  <MovieCardBottom
    movie={Object {}}
  />
</section>
`;
