// Jest Snapshot v1, https://goo.gl/fbAQLP

exports[`My list page correctly renders after relaunch 1`] = `
<div
  className="user-page"
>
  <Header
    classMods="user-page__head"
    needUserBlock={true}
    title="My list"
  />
  <Catalog
    headerClassMods="visually-hidden"
    movies={Array []}
    sectionTitle="Catalog"
  />
  <footer
    className="page-footer"
  >
    <div
      className="logo"
    >
      <a
        className="logo__link logo__link--light"
      >
        <span
          className="logo__letter logo__letter--1"
        >
          W
        </span>
        <span
          className="logo__letter logo__letter--2"
        >
          T
        </span>
        <span
          className="logo__letter logo__letter--3"
        >
          W
        </span>
      </a>
    </div>
    <div
      className="copyright"
    >
      <p>
        Â© 2019 What to watch Ltd.
      </p>
    </div>
  </footer>
</div>
`;
