// Jest Snapshot v1, https://goo.gl/fbAQLP

exports[`Movie card bottom correctly renders after relaunch 1`] = `
<div
  className="movie-card__wrap movie-card__translate-top"
>
  <div
    className="movie-card__info"
  >
    <div
      className="movie-card__poster movie-card__poster--big"
    >
      <img
        alt=""
        height="327"
        src="/"
        width="218"
      />
    </div>
    <div
      className="movie-card__desc"
    >
      <nav
        className="movie-nav movie-card__nav"
      >
        <ul
          className="movie-nav__list"
        >
          <li
            className="movie-nav__item"
          >
            <a
              className="movie-nav__link"
              href="#"
            >
              Overview
            </a>
          </li>
          <li
            className="movie-nav__item movie-nav__item--active"
          >
            <a
              className="movie-nav__link"
              href="#"
            >
              Details
            </a>
          </li>
          <li
            className="movie-nav__item"
          >
            <a
              className="movie-nav__link"
              href="#"
            >
              Reviews
            </a>
          </li>
        </ul>
      </nav>
      <div
        className="movie-card__text movie-card__row"
      >
        <div
          className="movie-card__text-col"
        >
          <p
            className="movie-card__details-item"
          >
            <strong
              className="movie-card__details-name"
            >
              Director
            </strong>
            <span
              className="movie-card__details-value"
            >
              
            </span>
          </p>
          <p
            className="movie-card__details-item"
          >
            <strong
              className="movie-card__details-name"
            >
              Starring
            </strong>
            <span
              className="movie-card__details-value"
              dangerouslySetInnerHTML={
                Object {
                  "__html": "",
                }
              }
            />
          </p>
        </div>
        <div
          className="movie-card__text-col"
        >
          <p
            className="movie-card__details-item"
          >
            <strong
              className="movie-card__details-name"
            >
              Run Time
            </strong>
            <span
              className="movie-card__details-value"
            >
              0
            </span>
          </p>
          <p
            className="movie-card__details-item"
          >
            <strong
              className="movie-card__details-name"
            >
              Genre
            </strong>
            <span
              className="movie-card__details-value"
            >
              
            </span>
          </p>
          <p
            className="movie-card__details-item"
          >
            <strong
              className="movie-card__details-name"
            >
              Released
            </strong>
            <span
              className="movie-card__details-value"
            >
              0
            </span>
          </p>
        </div>
      </div>
    </div>
  </div>
</div>
`;
